{
  "type": "div",
  "key": null,
  "ref": null,
  "props": {
    "className": "foo bar",
    "children": "some text"
  },
  "_owner": null,
  "_store": {}
}